RAM Allocation [bytes]
Variable                                                                          Address   Size
------------------------------------------------------------------------------------------------
password                                                                          0x0260       9
menu_list                                                                         0x0269       2
write_menu                                                                        0x026B       2
read_selected                                                                     0x026D       1
write_selected                                                                    0x026E       1
screen                                                                            0x026F       2
keyA                                                                              0x0271       6
_base_y                                                                           0x0277       4

EEPROM Allocation [bytes]
Variable                                                                          Address   Size
------------------------------------------------------------------------------------------------

Register Allocation
Variable                                                                          Register  Size
------------------------------------------------------------------------------------------------
_lcd_x                                                                            R5           1
_lcd_y                                                                            R4           1
_lcd_maxx                                                                         R7           1

FLASH Allocation [words]
Function                                                                          Address   Size
------------------------------------------------------------------------------------------------
ext_int0_isr                                                                      0x000E9     28
ext_int1_isr                                                                      0x00105     40
lcd_welcome_init_G000                                                             0x0012D     11
lcd_welcome_anim_G000                                                             0x00138     36
show_error_G000                                                                   0x0015C     37
is_all_G000                                                                       0x00181     18
is_empty16_G000                                                                   0x00193     23
draw_menu_hasdata_G000                                                            0x001AA     26
draw_menu_empty_G000                                                              0x001C4     28
main                                                                              0x001E0    362
cs_low_G001                                                                       0x0034A      2
cs_high_G001                                                                      0x0034C      2
rc522_write                                                                       0x0034E     14
rc522_read                                                                        0x0035C     19
set_bit_mask                                                                      0x0036F      8
clr_bit_mask                                                                      0x00377     10
rc522_calc_crc_G001                                                               0x00381     41
rc522_transceive_G001                                                             0x003AA    109
rc522_init                                                                        0x00417     42
rc522_request                                                                     0x00441     51
rc522_anticoll_level_G001                                                         0x00474     54
uid_bcc4_G001                                                                     0x004ED     18
rc522_select_level_G001                                                           0x004FF     78
rc522_select                                                                      0x0054D     35
mifare_auth_keyA                                                                  0x00570     56
mifare_stop_crypto                                                                0x005A8      8
mifare_read_block                                                                 0x005B0     60
mifare_write_block                                                                0x005EC    109
_lcd_write_nibble_G100                                                            0x00659     21
_lcd_write_data                                                                   0x0066E     13
lcd_gotoxy                                                                        0x0067B     13
lcd_clear                                                                         0x00688     12
lcd_putchar                                                                       0x00694     23
lcd_putsf                                                                         0x006AB     19
lcd_init                                                                          0x006BE     46
memcmp                                                                            0x006EC     25
strncmp                                                                           0x00705     25
spi                                                                               0x0071E      8
