RAM Allocation [bytes]
Variable                                                                          Address   Size
------------------------------------------------------------------------------------------------
keyA                                                                              0x0260       6
_base_y                                                                           0x0266       4

EEPROM Allocation [bytes]
Variable                                                                          Address   Size
------------------------------------------------------------------------------------------------

Register Allocation
Variable                                                                          Register  Size
------------------------------------------------------------------------------------------------
_lcd_x                                                                            R5           1
_lcd_y                                                                            R4           1
_lcd_maxx                                                                         R7           1

FLASH Allocation [words]
Function                                                                          Address   Size
------------------------------------------------------------------------------------------------
cs_low_G000                                                                       0x000EB      2
cs_high_G000                                                                      0x000ED      2
rc522_write_G000                                                                  0x000EF     14
rc522_read_G000                                                                   0x000FD     19
set_bit_mask_G000                                                                 0x00110      8
clr_bit_mask_G000                                                                 0x00118     10
rc522_soft_reset_G000                                                             0x00122      9
rc522_antenna_on_G000                                                             0x0012B      9
rc522_init_G000                                                                   0x00134     26
rc522_calc_crc_G000                                                               0x0014E     43
rc522_transceive_G000                                                             0x00179    108
rc522_request_G000                                                                0x001E5     50
rc522_anticoll_level_G000                                                         0x00217     54
uid_bcc4_G000                                                                     0x0024D     21
rc522_select_level_G000                                                           0x00262     78
rc522_get_uid_G000                                                                0x002B0     90
rc522_select_G000                                                                 0x0030A     83
lcd_puts_flash_G000                                                               0x0035D     12
type_from_sak_G000                                                                0x00369     31
mifare_auth_keyA_G000                                                             0x00388     59
mifare_stop_crypto_G000                                                           0x003C3      8
mifare_read_block_G000                                                            0x003CB     60
get_c_bits_for_block_G000                                                         0x00407     44
data_block_is_readonly_G000                                                       0x00433     26
main                                                                              0x0044D    402
_lcd_write_nibble_G100                                                            0x005DF     20
_lcd_write_data                                                                   0x005F3     12
lcd_gotoxy                                                                        0x005FF     13
lcd_clear                                                                         0x0060C     12
lcd_putchar                                                                       0x00618     21
lcd_puts                                                                          0x0062D     15
lcd_putsf                                                                         0x0063C     12
lcd_init                                                                          0x00648     45
spi                                                                               0x00675      8
put_buff_G102                                                                     0x0067D     64
_print_G102                                                                       0x006BD    308
sprintf                                                                           0x007F1     52
strlen                                                                            0x00825     12
strlenf                                                                           0x00831     13
